     1                                  bits 32 ; assembling for the 32 bits architecture
     2                                  
     3                                  ; declare the EntryPoint (a label defining the very first instruction of the program)
     4                                  global start        
     5                                  
     6                                  ; declare external functions needed by our program
     7                                  extern exit, printf, scanf               ; tell nasm that exit exists even if we won't be defining it
     8                                  import exit msvcrt.dll    ; exit is a function that ends the calling process. It is defined in msvcrt.dll
     9                                                            ; msvcrt.dll contains exit, printf and all the other important C-runtime specific functions
    10                                  import printf msvcrt.dll
    11                                  import scanf msvcrt.dll
    12                                                            
    13                                  ; our data is declared here (the variables needed by our program)
    14                                  segment data use32 class=data
    15                                      ; ...
    16                                      
    17 00000000 256400                      formatread db '%d', 0
    18 00000003 726573756C743A2025-         formatprint db 'result: %d', 0
    18 0000000C 6400               
    19 0000000E 00000000                    a dd 0
    20                                      
    21                                      
    22                                  ; our code starts here
    23                                  segment code use32 class=code
    24                                      start:
    25                                          ; ...
    26                                          ;read
    27 00000000 68[0E000000]                    push dword a
    28 00000005 68[00000000]                    push dword formatread
    29 0000000A FF15[00000000]                  call [scanf]
    30 00000010 83C408                          add esp, 4*2
    31                                          
    32                                          ;print
    33 00000013 68[0E000000]                    push dword a
    34 00000018 68[03000000]                    push dword formatprint
    35 0000001D FF15[00000000]                  call [printf]
    36 00000023 83C408                          add esp, 4*2
    37                                          
    38                                          
    39                                      
    40                                      
    41                                          ; exit(0)
    42 00000026 6A00                            push    dword 0      ; push the parameter for exit onto the stack
    43 00000028 FF15[00000000]                  call    [exit]       ; call exit to terminate the program
